// Bun Snapshot v1, https://goo.gl/fbAQLP

exports[`drawWord draws a word 1`] = `
[
  "       ",
  "       ",
  "       ",
  "       ",
  "       ",
  "    X  ",
  "     X ",
  " X   X ",
  " X   X ",
  " XXXX  ",
  "       ",
  "  XXX  ",
  " X   X ",
  " X   X ",
  " X   X ",
  "  XXX  ",
  "       ",
  "  XXX  ",
  " X   X ",
  " X   X ",
  " X   X ",
  "  XXX  ",
  "       ",
  " XXXXX ",
  "   X   ",
  "   X   ",
  "   X   ",
  " XXXXX ",
  "       ",
  "  XXX  ",
  " X   X ",
  " X   X ",
  " X   X ",
  "  XXX  ",
  "       ",
  "  XXX  ",
  " X   X ",
  " X   X ",
  " X   X ",
  "  XXX  ",
  "       ",
  " XXXXX ",
  "  X    ",
  "   X   ",
  "    X  ",
  " XXXXX ",
  "       ",
  "       ",
  "       ",
  "       ",
  "       ",
]
`;
